deployable R=16 region=2/16
deployable R=16 region=1/16
deployable R=16 region=3/16
deployable R=16 region=4/16
deployable R=16 region=5/16
deployable R=16 region=6/16
deployable R=16 region=7/16
deployable R=16 region=8/16
deployable R=16 region=12/16
deployable R=16 region=11/16
deployable R=16 region=10/16
deployable R=16 region=9/16
deployable R=16 region=14/16
deployable R=16 region=13/16
deployable R=16 region=15/16
deployable R=16 region=16/16
deployable R=32 region=3/32
deployable R=32 region=2/32
deployable R=32 region=1/32
deployable R=32 region=4/32
deployable R=32 region=5/32
deployable R=32 region=7/32
deployable R=32 region=6/32
deployable R=32 region=8/32
deployable R=32 region=9/32
deployable R=32 region=11/32
deployable R=32 region=10/32
deployable R=32 region=12/32
deployable R=32 region=13/32
deployable R=32 region=15/32
deployable R=32 region=16/32
deployable R=32 region=17/32
deployable R=32 region=14/32
deployable R=32 region=18/32
deployable R=32 region=19/32
deployable R=32 region=21/32
deployable R=32 region=20/32
deployable R=32 region=22/32
deployable R=32 region=23/32
deployable R=32 region=24/32
deployable R=32 region=25/32
deployable R=32 region=26/32
deployable R=32 region=27/32
deployable R=32 region=28/32
deployable R=32 region=29/32
deployable R=32 region=30/32
deployable R=32 region=31/32
deployable R=32 region=32/32
deployable R=46 region=2/46
deployable R=46 region=1/46
deployable R=46 region=4/46
deployable R=46 region=3/46
deployable R=46 region=5/46
deployable R=46 region=6/46
deployable R=46 region=7/46
deployable R=46 region=8/46
deployable R=46 region=10/46
deployable R=46 region=11/46
deployable R=46 region=9/46
deployable R=46 region=12/46
deployable R=46 region=14/46
deployable R=46 region=13/46
deployable R=46 region=15/46
deployable R=46 region=16/46
deployable R=46 region=17/46
deployable R=46 region=18/46
deployable R=46 region=19/46
deployable R=46 region=20/46
deployable R=46 region=21/46
deployable R=46 region=22/46
deployable R=46 region=23/46
deployable R=46 region=26/46
deployable R=46 region=24/46
deployable R=46 region=25/46
deployable R=46 region=27/46
deployable R=46 region=28/46
deployable R=46 region=30/46
deployable R=46 region=29/46
deployable R=46 region=31/46
deployable R=46 region=32/46
deployable R=46 region=33/46
deployable R=46 region=34/46
deployable R=46 region=35/46
deployable R=46 region=36/46
deployable R=46 region=37/46
deployable R=46 region=38/46
deployable R=46 region=39/46
deployable R=46 region=41/46
deployable R=46 region=40/46
deployable R=46 region=42/46
deployable R=46 region=44/46
deployable R=46 region=43/46
deployable R=46 region=45/46
deployable R=46 region=46/46
deployable R=61 region=4/61
deployable R=61 region=1/61
deployable R=61 region=3/61
deployable R=61 region=2/61
deployable R=61 region=8/61
deployable R=61 region=5/61
deployable R=61 region=6/61
deployable R=61 region=7/61
deployable R=61 region=9/61
deployable R=61 region=12/61
deployable R=61 region=10/61
deployable R=61 region=11/61
deployable R=61 region=13/61
deployable R=61 region=14/61
deployable R=61 region=15/61
deployable R=61 region=16/61
deployable R=61 region=17/61
deployable R=61 region=18/61
deployable R=61 region=19/61
deployable R=61 region=20/61
deployable R=61 region=21/61
deployable R=61 region=22/61
deployable R=61 region=23/61
deployable R=61 region=24/61
deployable R=61 region=25/61
deployable R=61 region=26/61
deployable R=61 region=27/61
deployable R=61 region=28/61
deployable R=61 region=29/61
deployable R=61 region=30/61
deployable R=61 region=32/61
deployable R=61 region=31/61
deployable R=61 region=33/61
deployable R=61 region=35/61
deployable R=61 region=34/61
deployable R=61 region=36/61
deployable R=61 region=37/61
deployable R=61 region=38/61
deployable R=61 region=40/61
deployable R=61 region=39/61
deployable R=61 region=41/61
deployable R=61 region=42/61
deployable R=61 region=43/61
deployable R=61 region=44/61
deployable R=61 region=45/61
deployable R=61 region=46/61
deployable R=61 region=47/61
deployable R=61 region=48/61
deployable R=61 region=49/61
deployable R=61 region=51/61
deployable R=61 region=50/61
deployable R=61 region=52/61
deployable R=61 region=53/61
deployable R=61 region=55/61
deployable R=61 region=54/61
deployable R=61 region=56/61
deployable R=61 region=57/61
deployable R=61 region=58/61
deployable R=61 region=60/61
deployable R=61 region=61/61
deployable R=61 region=59/61
deployable R=64 region=2/64
deployable R=64 region=1/64
deployable R=64 region=4/64
deployable R=64 region=3/64
deployable R=64 region=8/64
deployable R=64 region=5/64
deployable R=64 region=6/64
deployable R=64 region=7/64
deployable R=64 region=11/64
deployable R=64 region=10/64
deployable R=64 region=9/64
deployable R=64 region=12/64
deployable R=64 region=13/64
deployable R=64 region=16/64
deployable R=64 region=14/64
deployable R=64 region=15/64
deployable R=64 region=17/64
deployable R=64 region=18/64
deployable R=64 region=19/64
deployable R=64 region=20/64
deployable R=64 region=21/64
deployable R=64 region=23/64
deployable R=64 region=22/64
deployable R=64 region=24/64
deployable R=64 region=27/64
deployable R=64 region=25/64
deployable R=64 region=26/64
deployable R=64 region=28/64
deployable R=64 region=29/64
deployable R=64 region=30/64
deployable R=64 region=31/64
deployable R=64 region=32/64
deployable R=64 region=34/64
deployable R=64 region=33/64
deployable R=64 region=36/64
deployable R=64 region=35/64
deployable R=64 region=37/64
deployable R=64 region=38/64
deployable R=64 region=39/64
deployable R=64 region=41/64
deployable R=64 region=40/64
deployable R=64 region=42/64
deployable R=64 region=43/64
deployable R=64 region=44/64
deployable R=64 region=45/64
deployable R=64 region=46/64
deployable R=64 region=47/64
deployable R=64 region=48/64
deployable R=64 region=49/64
deployable R=64 region=51/64
deployable R=64 region=50/64
deployable R=64 region=52/64
deployable R=64 region=53/64
deployable R=64 region=54/64
deployable R=64 region=56/64
deployable R=64 region=55/64
deployable R=64 region=58/64
deployable R=64 region=57/64
deployable R=64 region=60/64
deployable R=64 region=59/64
deployable R=64 region=61/64
deployable R=64 region=62/64
deployable R=64 region=63/64
deployable R=64 region=64/64
deployable R=92 region=3/92
deployable R=92 region=1/92
deployable R=92 region=2/92
deployable R=92 region=4/92
deployable R=92 region=6/92
deployable R=92 region=7/92
deployable R=92 region=5/92
deployable R=92 region=8/92
deployable R=92 region=9/92
deployable R=92 region=10/92
deployable R=92 region=12/92
deployable R=92 region=11/92
deployable R=92 region=15/92
deployable R=92 region=16/92
deployable R=92 region=14/92
deployable R=92 region=13/92
deployable R=92 region=17/92
deployable R=92 region=20/92
deployable R=92 region=18/92
deployable R=92 region=19/92
deployable R=92 region=21/92
deployable R=92 region=22/92
deployable R=92 region=23/92
deployable R=92 region=24/92
deployable R=92 region=25/92
deployable R=92 region=26/92
deployable R=92 region=27/92
deployable R=92 region=28/92
deployable R=92 region=29/92
deployable R=92 region=31/92
deployable R=92 region=30/92
deployable R=92 region=32/92
deployable R=92 region=33/92
deployable R=92 region=35/92
deployable R=92 region=34/92
deployable R=92 region=36/92
deployable R=92 region=37/92
deployable R=92 region=38/92
deployable R=92 region=39/92
deployable R=92 region=40/92
deployable R=92 region=41/92
deployable R=92 region=42/92
deployable R=92 region=43/92
deployable R=92 region=44/92
deployable R=92 region=45/92
deployable R=92 region=46/92
deployable R=92 region=48/92
deployable R=92 region=47/92
deployable R=92 region=49/92
deployable R=92 region=51/92
deployable R=92 region=50/92
deployable R=92 region=53/92
deployable R=92 region=52/92
deployable R=92 region=54/92
deployable R=92 region=55/92
deployable R=92 region=56/92
deployable R=92 region=57/92
deployable R=92 region=58/92
deployable R=92 region=59/92
deployable R=92 region=60/92
deployable R=92 region=61/92
deployable R=92 region=62/92
deployable R=92 region=64/92
deployable R=92 region=63/92
deployable R=92 region=65/92
deployable R=92 region=66/92
deployable R=92 region=67/92
deployable R=92 region=68/92
deployable R=92 region=70/92
deployable R=92 region=71/92
deployable R=92 region=69/92
deployable R=92 region=72/92
deployable R=92 region=74/92
deployable R=92 region=75/92
deployable R=92 region=73/92
deployable R=92 region=76/92
deployable R=92 region=77/92
deployable R=92 region=78/92
deployable R=92 region=79/92
deployable R=92 region=80/92
deployable R=92 region=81/92
deployable R=92 region=82/92
deployable R=92 region=83/92
deployable R=92 region=84/92
deployable R=92 region=85/92
deployable R=92 region=86/92
deployable R=92 region=87/92
deployable R=92 region=88/92
deployable R=92 region=89/92
deployable R=92 region=91/92
deployable R=92 region=90/92
deployable R=92 region=92/92
deployable R=128 region=2/128
deployable R=128 region=1/128
deployable R=128 region=3/128
deployable R=128 region=4/128
deployable R=128 region=5/128
deployable R=128 region=6/128
deployable R=128 region=7/128
deployable R=128 region=8/128
deployable R=128 region=9/128
deployable R=128 region=11/128
deployable R=128 region=10/128
deployable R=128 region=12/128
deployable R=128 region=13/128
deployable R=128 region=14/128
deployable R=128 region=15/128
deployable R=128 region=16/128
deployable R=128 region=17/128
deployable R=128 region=18/128
deployable R=128 region=19/128
deployable R=128 region=20/128
deployable R=128 region=21/128
deployable R=128 region=22/128
deployable R=128 region=23/128
deployable R=128 region=24/128
deployable R=128 region=25/128
deployable R=128 region=26/128
deployable R=128 region=27/128
deployable R=128 region=29/128
deployable R=128 region=30/128
deployable R=128 region=28/128
deployable R=128 region=31/128
deployable R=128 region=32/128
deployable R=128 region=33/128
deployable R=128 region=34/128
deployable R=128 region=35/128
deployable R=128 region=36/128
deployable R=128 region=37/128
deployable R=128 region=38/128
deployable R=128 region=39/128
deployable R=128 region=40/128
deployable R=128 region=41/128
deployable R=128 region=42/128
deployable R=128 region=43/128
deployable R=128 region=44/128
deployable R=128 region=45/128
deployable R=128 region=46/128
deployable R=128 region=47/128
deployable R=128 region=48/128
deployable R=128 region=49/128
deployable R=128 region=50/128
deployable R=128 region=51/128
deployable R=128 region=52/128
deployable R=128 region=53/128
deployable R=128 region=54/128
deployable R=128 region=55/128
deployable R=128 region=56/128
deployable R=128 region=57/128
deployable R=128 region=58/128
deployable R=128 region=59/128
deployable R=128 region=61/128
deployable R=128 region=60/128
deployable R=128 region=62/128
deployable R=128 region=63/128
deployable R=128 region=64/128
deployable R=128 region=65/128
deployable R=128 region=66/128
deployable R=128 region=67/128
deployable R=128 region=69/128
deployable R=128 region=68/128
deployable R=128 region=70/128
deployable R=128 region=71/128
deployable R=128 region=72/128
deployable R=128 region=73/128
deployable R=128 region=74/128
deployable R=128 region=76/128
deployable R=128 region=77/128
deployable R=128 region=75/128
deployable R=128 region=78/128
deployable R=128 region=79/128
deployable R=128 region=80/128
deployable R=128 region=81/128
deployable R=128 region=82/128
deployable R=128 region=83/128
deployable R=128 region=84/128
deployable R=128 region=85/128
deployable R=128 region=86/128
deployable R=128 region=87/128
deployable R=128 region=88/128
deployable R=128 region=89/128
deployable R=128 region=90/128
deployable R=128 region=91/128
deployable R=128 region=92/128
deployable R=128 region=95/128
deployable R=128 region=93/128
deployable R=128 region=96/128
deployable R=128 region=94/128
deployable R=128 region=97/128
deployable R=128 region=98/128
deployable R=128 region=100/128
deployable R=128 region=99/128
deployable R=128 region=102/128
deployable R=128 region=101/128
deployable R=128 region=104/128
deployable R=128 region=103/128
deployable R=128 region=106/128
deployable R=128 region=105/128
deployable R=128 region=108/128
deployable R=128 region=107/128
deployable R=128 region=109/128
deployable R=128 region=110/128
deployable R=128 region=112/128
deployable R=128 region=111/128
deployable R=128 region=113/128
deployable R=128 region=115/128
deployable R=128 region=114/128
deployable R=128 region=116/128
deployable R=128 region=117/128
deployable R=128 region=119/128
deployable R=128 region=120/128
deployable R=128 region=118/128
deployable R=128 region=121/128
deployable R=128 region=122/128
deployable R=128 region=124/128
deployable R=128 region=123/128
deployable R=128 region=125/128
deployable R=128 region=126/128
deployable R=128 region=127/128
deployable R=128 region=128/128
deployable R=184 region=3/184
deployable R=184 region=2/184
deployable R=184 region=4/184
deployable R=184 region=1/184
deployable R=184 region=6/184
deployable R=184 region=7/184
deployable R=184 region=5/184
deployable R=184 region=8/184
deployable R=184 region=9/184
deployable R=184 region=10/184
deployable R=184 region=11/184
deployable R=184 region=12/184
deployable R=184 region=13/184
deployable R=184 region=14/184
deployable R=184 region=15/184
deployable R=184 region=16/184
deployable R=184 region=18/184
deployable R=184 region=17/184
deployable R=184 region=19/184
deployable R=184 region=20/184
deployable R=184 region=21/184
deployable R=184 region=22/184
deployable R=184 region=23/184
deployable R=184 region=24/184
deployable R=184 region=25/184
deployable R=184 region=26/184
deployable R=184 region=27/184
deployable R=184 region=28/184
deployable R=184 region=29/184
deployable R=184 region=31/184
deployable R=184 region=30/184
deployable R=184 region=32/184
deployable R=184 region=33/184
deployable R=184 region=34/184
deployable R=184 region=35/184
deployable R=184 region=36/184
deployable R=184 region=37/184
deployable R=184 region=38/184
deployable R=184 region=39/184
deployable R=184 region=40/184
deployable R=184 region=43/184
deployable R=184 region=41/184
deployable R=184 region=42/184
deployable R=184 region=44/184
deployable R=184 region=46/184
deployable R=184 region=45/184
deployable R=184 region=47/184
deployable R=184 region=48/184
deployable R=184 region=49/184
deployable R=184 region=50/184
deployable R=184 region=51/184
deployable R=184 region=52/184
deployable R=184 region=53/184
deployable R=184 region=55/184
deployable R=184 region=54/184
deployable R=184 region=56/184
deployable R=184 region=57/184
deployable R=184 region=58/184
deployable R=184 region=59/184
deployable R=184 region=60/184
deployable R=184 region=61/184
deployable R=184 region=63/184
deployable R=184 region=62/184
deployable R=184 region=64/184
deployable R=184 region=65/184
deployable R=184 region=66/184
deployable R=184 region=67/184
deployable R=184 region=68/184
deployable R=184 region=69/184
deployable R=184 region=70/184
deployable R=184 region=71/184
deployable R=184 region=72/184
deployable R=184 region=73/184
deployable R=184 region=74/184
deployable R=184 region=75/184
deployable R=184 region=76/184
deployable R=184 region=77/184
deployable R=184 region=79/184
deployable R=184 region=78/184
deployable R=184 region=80/184
deployable R=184 region=81/184
deployable R=184 region=82/184
deployable R=184 region=83/184
deployable R=184 region=84/184
deployable R=184 region=85/184
deployable R=184 region=86/184
deployable R=184 region=87/184
deployable R=184 region=88/184
deployable R=184 region=89/184
deployable R=184 region=90/184
deployable R=184 region=91/184
deployable R=184 region=92/184
deployable R=184 region=93/184
deployable R=184 region=94/184
deployable R=184 region=95/184
deployable R=184 region=96/184
deployable R=184 region=97/184
deployable R=184 region=98/184
deployable R=184 region=99/184
deployable R=184 region=100/184
deployable R=184 region=101/184
deployable R=184 region=102/184
deployable R=184 region=103/184
deployable R=184 region=104/184
deployable R=184 region=105/184
deployable R=184 region=106/184
deployable R=184 region=107/184
deployable R=184 region=108/184
deployable R=184 region=109/184
deployable R=184 region=110/184
deployable R=184 region=111/184
deployable R=184 region=113/184
deployable R=184 region=112/184
deployable R=184 region=114/184
deployable R=184 region=115/184
deployable R=184 region=116/184
deployable R=184 region=118/184
deployable R=184 region=117/184
deployable R=184 region=119/184
deployable R=184 region=120/184
deployable R=184 region=121/184
deployable R=184 region=123/184
deployable R=184 region=122/184
deployable R=184 region=124/184
deployable R=184 region=125/184
deployable R=184 region=126/184
deployable R=184 region=127/184
deployable R=184 region=128/184
deployable R=184 region=129/184
deployable R=184 region=130/184
deployable R=184 region=131/184
deployable R=184 region=132/184
deployable R=184 region=133/184
deployable R=184 region=134/184
deployable R=184 region=135/184
deployable R=184 region=136/184
deployable R=184 region=137/184
deployable R=184 region=138/184
deployable R=184 region=139/184
deployable R=184 region=140/184
deployable R=184 region=141/184
deployable R=184 region=142/184
deployable R=184 region=143/184
deployable R=184 region=144/184
deployable R=184 region=145/184
deployable R=184 region=146/184
deployable R=184 region=147/184
deployable R=184 region=148/184
deployable R=184 region=149/184
deployable R=184 region=150/184
deployable R=184 region=151/184
deployable R=184 region=152/184
deployable R=184 region=153/184
deployable R=184 region=154/184
deployable R=184 region=155/184
deployable R=184 region=156/184
deployable R=184 region=157/184
deployable R=184 region=158/184
deployable R=184 region=159/184
deployable R=184 region=160/184
deployable R=184 region=161/184
deployable R=184 region=162/184
deployable R=184 region=163/184
deployable R=184 region=164/184
deployable R=184 region=165/184
deployable R=184 region=166/184
deployable R=184 region=167/184
deployable R=184 region=168/184
deployable R=184 region=169/184
deployable R=184 region=170/184
deployable R=184 region=171/184
deployable R=184 region=172/184
deployable R=184 region=173/184
deployable R=184 region=174/184
deployable R=184 region=175/184
deployable R=184 region=176/184
deployable R=184 region=177/184
deployable R=184 region=178/184
deployable R=184 region=179/184
deployable R=184 region=180/184
deployable R=184 region=181/184
deployable R=184 region=182/184
deployable R=184 region=183/184
deployable R=184 region=184/184
random seed=101 region=4/32
random seed=101 region=2/32
random seed=101 region=3/32
random seed=101 region=1/32
random seed=101 region=5/32
random seed=101 region=6/32
random seed=101 region=7/32
random seed=101 region=8/32
random seed=101 region=9/32
random seed=101 region=11/32
random seed=101 region=10/32
random seed=101 region=12/32
random seed=101 region=13/32
random seed=101 region=14/32
random seed=101 region=15/32
random seed=101 region=16/32
random seed=101 region=17/32
random seed=101 region=18/32
random seed=101 region=19/32
random seed=101 region=20/32
random seed=101 region=21/32
random seed=101 region=22/32
random seed=101 region=23/32
random seed=101 region=24/32
random seed=101 region=25/32
random seed=101 region=26/32
random seed=101 region=27/32
random seed=101 region=28/32
random seed=101 region=29/32
random seed=101 region=30/32
random seed=101 region=31/32
random seed=101 region=32/32
random seed=102 region=3/32
random seed=102 region=4/32
random seed=102 region=1/32
random seed=102 region=2/32
random seed=102 region=6/32
random seed=102 region=5/32
random seed=102 region=7/32
random seed=102 region=8/32
random seed=102 region=9/32
random seed=102 region=10/32
random seed=102 region=11/32
random seed=102 region=12/32
random seed=102 region=13/32
random seed=102 region=14/32
random seed=102 region=15/32
random seed=102 region=16/32
random seed=102 region=17/32
random seed=102 region=18/32
random seed=102 region=19/32
random seed=102 region=20/32
random seed=102 region=21/32
random seed=102 region=22/32
random seed=102 region=23/32
random seed=102 region=24/32
random seed=102 region=25/32
random seed=102 region=26/32
random seed=102 region=27/32
random seed=102 region=28/32
random seed=102 region=29/32
random seed=102 region=30/32
random seed=102 region=31/32
random seed=102 region=32/32
random seed=103 region=2/32
random seed=103 region=4/32
random seed=103 region=3/32
random seed=103 region=1/32
random seed=103 region=6/32
random seed=103 region=5/32
random seed=103 region=7/32
random seed=103 region=8/32
random seed=103 region=9/32
random seed=103 region=10/32
random seed=103 region=11/32
random seed=103 region=12/32
random seed=103 region=13/32
random seed=103 region=14/32
random seed=103 region=15/32
random seed=103 region=16/32
random seed=103 region=17/32
random seed=103 region=18/32
random seed=103 region=19/32
random seed=103 region=20/32
random seed=103 region=21/32
random seed=103 region=22/32
random seed=103 region=23/32
random seed=103 region=24/32
random seed=103 region=25/32
random seed=103 region=26/32
random seed=103 region=27/32
random seed=103 region=28/32
random seed=103 region=29/32
random seed=103 region=30/32
random seed=103 region=31/32
random seed=103 region=32/32
choice-control station=2/184
choice-control station=1/184
choice-control station=4/184
choice-control station=3/184
choice-control station=6/184
choice-control station=5/184
choice-control station=7/184
choice-control station=8/184
choice-control station=10/184
choice-control station=9/184
choice-control station=11/184
choice-control station=12/184
choice-control station=13/184
choice-control station=14/184
choice-control station=15/184
choice-control station=16/184
choice-control station=17/184
choice-control station=18/184
choice-control station=19/184
choice-control station=20/184
choice-control station=21/184
choice-control station=22/184
choice-control station=23/184
choice-control station=24/184
choice-control station=25/184
choice-control station=26/184
choice-control station=27/184
choice-control station=28/184
choice-control station=29/184
choice-control station=30/184
choice-control station=31/184
choice-control station=32/184
choice-control station=33/184
choice-control station=34/184
choice-control station=35/184
choice-control station=36/184
choice-control station=37/184
choice-control station=38/184
choice-control station=39/184
choice-control station=40/184
choice-control station=41/184
choice-control station=42/184
choice-control station=43/184
choice-control station=44/184
choice-control station=45/184
choice-control station=46/184
choice-control station=47/184
choice-control station=48/184
choice-control station=49/184
choice-control station=50/184
choice-control station=51/184
choice-control station=52/184
choice-control station=53/184
choice-control station=54/184
choice-control station=55/184
choice-control station=56/184
choice-control station=57/184
choice-control station=58/184
choice-control station=59/184
choice-control station=60/184
choice-control station=61/184
choice-control station=62/184
choice-control station=63/184
choice-control station=64/184
choice-control station=65/184
choice-control station=66/184
choice-control station=67/184
choice-control station=68/184
choice-control station=69/184
choice-control station=70/184
choice-control station=71/184
choice-control station=72/184
choice-control station=73/184
choice-control station=74/184
choice-control station=75/184
choice-control station=76/184
choice-control station=77/184
choice-control station=78/184
choice-control station=79/184
choice-control station=80/184
choice-control station=81/184
choice-control station=82/184
choice-control station=83/184
choice-control station=84/184
choice-control station=85/184
choice-control station=86/184
choice-control station=87/184
choice-control station=88/184
choice-control station=89/184
choice-control station=90/184
choice-control station=91/184
choice-control station=92/184
choice-control station=93/184
choice-control station=94/184
choice-control station=95/184
choice-control station=96/184
choice-control station=97/184
choice-control station=98/184
choice-control station=99/184
choice-control station=100/184
choice-control station=101/184
choice-control station=102/184
choice-control station=103/184
choice-control station=104/184
choice-control station=105/184
choice-control station=106/184
choice-control station=107/184
choice-control station=108/184
choice-control station=109/184
choice-control station=110/184
choice-control station=111/184
choice-control station=112/184
choice-control station=113/184
choice-control station=114/184
choice-control station=115/184
choice-control station=116/184
choice-control station=117/184
choice-control station=118/184
choice-control station=119/184
choice-control station=120/184
choice-control station=121/184
choice-control station=122/184
choice-control station=123/184
choice-control station=125/184
choice-control station=124/184
choice-control station=126/184
choice-control station=127/184
choice-control station=128/184
choice-control station=129/184
choice-control station=130/184
choice-control station=131/184
choice-control station=132/184
choice-control station=133/184
choice-control station=134/184
choice-control station=135/184
choice-control station=136/184
choice-control station=138/184
choice-control station=137/184
choice-control station=139/184
choice-control station=140/184
choice-control station=141/184
choice-control station=142/184
choice-control station=143/184
choice-control station=144/184
choice-control station=145/184
choice-control station=146/184
choice-control station=147/184
choice-control station=148/184
choice-control station=149/184
choice-control station=150/184
choice-control station=151/184
choice-control station=152/184
choice-control station=153/184
choice-control station=154/184
choice-control station=155/184
choice-control station=156/184
choice-control station=157/184
choice-control station=158/184
choice-control station=159/184
choice-control station=160/184
choice-control station=161/184
choice-control station=163/184
choice-control station=162/184
choice-control station=164/184
choice-control station=165/184
choice-control station=166/184
choice-control station=167/184
choice-control station=168/184
choice-control station=169/184
choice-control station=170/184
choice-control station=171/184
choice-control station=172/184
choice-control station=173/184
choice-control station=174/184
choice-control station=175/184
choice-control station=176/184
choice-control station=177/184
choice-control station=178/184
choice-control station=179/184
choice-control station=180/184
choice-control station=181/184
choice-control station=182/184
choice-control station=183/184
choice-control station=184/184
{
  "analysis": "mosaic deployability and confound controls",
  "split": "validation",
  "test_accessed": false,
  "origins": 2875,
  "ks": [
    1,
    3,
    5,
    10,
    20,
    50,
    100
  ],
  "geographic_results": {
    "16": {
      "mean_stations_per_region": 11.5,
      "residual_oracle_mae_k100": 21.51110211982961,
      "deployable_mae": {
        "absolute_median_k1": 31.547605260739868,
        "absolute_median_k3": 28.546583296124897,
        "absolute_median_k5": 26.589266168176046,
        "absolute_median_k10": 24.572904529269,
        "absolute_median_k20": 23.745623286908025,
        "absolute_median_k50": 23.541701254884444,
        "absolute_median_k100": 23.76046350392056,
        "absolute_weighted_median_k1": 31.547605260739868,
        "absolute_weighted_median_k3": 28.582873185921198,
        "absolute_weighted_median_k5": 26.62416068245187,
        "absolute_weighted_median_k10": 24.954914563490256,
        "absolute_weighted_median_k20": 23.814307410045284,
        "absolute_weighted_median_k50": 23.515876169268264,
        "absolute_weighted_median_k100": 23.729219606275098,
        "residual_median_k1": 34.04308595251578,
        "residual_median_k3": 30.294540233734658,
        "residual_median_k5": 28.207408973556188,
        "residual_median_k10": 26.317103125713665,
        "residual_median_k20": 25.61541553064696,
        "residual_median_k50": 25.46793961815238,
        "residual_median_k100": 25.629484378523998,
        "residual_weighted_median_k1": 34.04308595251578,
        "residual_weighted_median_k3": 30.3399575910493,
        "residual_weighted_median_k5": 28.245031629404906,
        "residual_weighted_median_k10": 26.63725082889577,
        "residual_weighted_median_k20": 25.659715137558795,
        "residual_weighted_median_k50": 25.444339434256275,
        "residual_weighted_median_k100": 25.605317636074528
      }
    },
    "32": {
      "mean_stations_per_region": 5.75,
      "residual_oracle_mae_k100": 19.67662947587638,
      "deployable_mae": {
        "absolute_median_k1": 32.019271580407974,
        "absolute_median_k3": 28.828062777162145,
        "absolute_median_k5": 26.767791372801437,
        "absolute_median_k10": 24.779035662888873,
        "absolute_median_k20": 24.017441878791537,
        "absolute_median_k50": 23.81755305492438,
        "absolute_median_k100": 24.012190682040515,
        "absolute_weighted_median_k1": 32.019271580407974,
        "absolute_weighted_median_k3": 28.86540437993616,
        "absolute_weighted_median_k5": 26.801560847340543,
        "absolute_weighted_median_k10": 25.150877155101423,
        "absolute_weighted_median_k20": 24.08042672785189,
        "absolute_weighted_median_k50": 23.79133095672153,
        "absolute_weighted_median_k100": 23.982239084793786,
        "residual_median_k1": 34.37421564796978,
        "residual_median_k3": 30.461451165324142,
        "residual_median_k5": 28.339374759550484,
        "residual_median_k10": 26.458417423352063,
        "residual_median_k20": 25.76964341524128,
        "residual_median_k50": 25.582271520359622,
        "residual_median_k100": 25.7044261387161,
        "residual_weighted_median_k1": 34.37421564796978,
        "residual_weighted_median_k3": 30.510198132764224,
        "residual_weighted_median_k5": 28.375174057473362,
        "residual_weighted_median_k10": 26.769443569286576,
        "residual_weighted_median_k20": 25.814259497450468,
        "residual_weighted_median_k50": 25.56222916184323,
        "residual_weighted_median_k100": 25.682976387128722
      }
    },
    "46": {
      "mean_stations_per_region": 4.0,
      "residual_oracle_mae_k100": 18.81204922881313,
      "deployable_mae": {
        "absolute_median_k1": 31.988595777986273,
        "absolute_median_k3": 28.767034582333775,
        "absolute_median_k5": 26.742414719127385,
        "absolute_median_k10": 24.810059462051886,
        "absolute_median_k20": 24.06011951040263,
        "absolute_median_k50": 23.847979640929776,
        "absolute_median_k100": 24.007237402336717,
        "absolute_weighted_median_k1": 31.988595777986273,
        "absolute_weighted_median_k3": 28.805827353584075,
        "absolute_weighted_median_k5": 26.775885685592193,
        "absolute_weighted_median_k10": 25.173030031898126,
        "absolute_weighted_median_k20": 24.122725038286735,
        "absolute_weighted_median_k50": 23.823343189563502,
        "absolute_weighted_median_k100": 23.9800324261094,
        "residual_median_k1": 34.35777713614127,
        "residual_median_k3": 30.456733705422966,
        "residual_median_k5": 28.35009847299093,
        "residual_median_k10": 26.50862064210127,
        "residual_median_k20": 25.818828018528936,
        "residual_median_k50": 25.617835707712366,
        "residual_median_k100": 25.726828034920086,
        "residual_weighted_median_k1": 34.35777713614127,
        "residual_weighted_median_k3": 30.50550561420558,
        "residual_weighted_median_k5": 28.38809036315383,
        "residual_weighted_median_k10": 26.81641256968012,
        "residual_weighted_median_k20": 25.866078544818844,
        "residual_weighted_median_k50": 25.59981533162056,
        "residual_weighted_median_k100": 25.707286985568064
      }
    },
    "61": {
      "mean_stations_per_region": 3.0163934426229506,
      "residual_oracle_mae_k100": 17.964594335936457,
      "deployable_mae": {
        "absolute_median_k1": 32.04102074631116,
        "absolute_median_k3": 28.711894435629823,
        "absolute_median_k5": 26.751498608249445,
        "absolute_median_k10": 24.88759705255586,
        "absolute_median_k20": 24.16695021518902,
        "absolute_median_k50": 23.962316625969855,
        "absolute_median_k100": 24.114890816810448,
        "absolute_weighted_median_k1": 32.04102074631116,
        "absolute_weighted_median_k3": 28.75278306768899,
        "absolute_weighted_median_k5": 26.78458615575029,
        "absolute_weighted_median_k10": 25.230812700052816,
        "absolute_weighted_median_k20": 24.222154626236843,
        "absolute_weighted_median_k50": 23.937855473233803,
        "absolute_weighted_median_k100": 24.087757827680775,
        "residual_median_k1": 34.26289286160652,
        "residual_median_k3": 30.275403210490587,
        "residual_median_k5": 28.202650969197716,
        "residual_median_k10": 26.443208169034374,
        "residual_median_k20": 25.793211407862742,
        "residual_median_k50": 25.624018717748637,
        "residual_median_k100": 25.737822872180388,
        "residual_weighted_median_k1": 34.26289286160652,
        "residual_weighted_median_k3": 30.322307394914993,
        "residual_weighted_median_k5": 28.23907005751245,
        "residual_weighted_median_k10": 26.7348495725771,
        "residual_weighted_median_k20": 25.834389249170236,
        "residual_weighted_median_k50": 25.60496593556355,
        "residual_weighted_median_k100": 25.71778827581957
      }
    },
    "64": {
      "mean_stations_per_region": 2.875,
      "residual_oracle_mae_k100": 17.87662072129547,
      "deployable_mae": {
        "absolute_median_k1": 31.994121408308768,
        "absolute_median_k3": 28.690549059423752,
        "absolute_median_k5": 26.75103291831675,
        "absolute_median_k10": 24.889344325596344,
        "absolute_median_k20": 24.162981665394515,
        "absolute_median_k50": 23.938995170441963,
        "absolute_median_k100": 24.08955573204062,
        "absolute_weighted_median_k1": 31.994121408308768,
        "absolute_weighted_median_k3": 28.732203662571138,
        "absolute_weighted_median_k5": 26.7834486256414,
        "absolute_weighted_median_k10": 25.239831379187684,
        "absolute_weighted_median_k20": 24.224156237928273,
        "absolute_weighted_median_k50": 23.91680726544066,
        "absolute_weighted_median_k100": 24.063151558097093,
        "residual_median_k1": 34.182827842324066,
        "residual_median_k3": 30.237736858040183,
        "residual_median_k5": 28.19830664438941,
        "residual_median_k10": 26.45643807368043,
        "residual_median_k20": 25.814048027963302,
        "residual_median_k50": 25.627214204130034,
        "residual_median_k100": 25.735286262781354,
        "residual_weighted_median_k1": 34.182827842324066,
        "residual_weighted_median_k3": 30.285773804955078,
        "residual_weighted_median_k5": 28.233831823955256,
        "residual_weighted_median_k10": 26.744742577763795,
        "residual_weighted_median_k20": 25.85603581277334,
        "residual_weighted_median_k50": 25.609289810835087,
        "residual_weighted_median_k100": 25.715954042995566
      }
    },
    "92": {
      "mean_stations_per_region": 2.0,
      "residual_oracle_mae_k100": 16.686510732437107,
      "deployable_mae": {
        "absolute_median_k1": 31.999216613313997,
        "absolute_median_k3": 28.465920512059554,
        "absolute_median_k5": 26.596025705422335,
        "absolute_median_k10": 24.83168017807094,
        "absolute_median_k20": 24.16346819888203,
        "absolute_median_k50": 23.984921796085573,
        "absolute_median_k100": 24.148304138434618,
        "absolute_weighted_median_k1": 31.999216613313997,
        "absolute_weighted_median_k3": 28.506045182522556,
        "absolute_weighted_median_k5": 26.626110362564376,
        "absolute_weighted_median_k10": 25.154818754061342,
        "absolute_weighted_median_k20": 24.21280386868986,
        "absolute_weighted_median_k50": 23.959044187863395,
        "absolute_weighted_median_k100": 24.12089151469522,
        "residual_median_k1": 34.07732935196482,
        "residual_median_k3": 29.92505016243788,
        "residual_median_k5": 27.972329885465257,
        "residual_median_k10": 26.31742925445323,
        "residual_median_k20": 25.730189915123784,
        "residual_median_k50": 25.597437038673817,
        "residual_median_k100": 25.72157506508784,
        "residual_weighted_median_k1": 34.07732935196482,
        "residual_weighted_median_k3": 29.97325917703499,
        "residual_weighted_median_k5": 28.006233365542997,
        "residual_weighted_median_k10": 26.586199880313078,
        "residual_weighted_median_k20": 25.765520567978594,
        "residual_weighted_median_k50": 25.575906158770046,
        "residual_weighted_median_k100": 25.700879542850803
      }
    },
    "128": {
      "mean_stations_per_region": 1.4375,
      "residual_oracle_mae_k100": 15.382026209313057,
      "deployable_mae": {
        "absolute_median_k1": 31.874233615192832,
        "absolute_median_k3": 28.217936938829645,
        "absolute_median_k5": 26.40657339523935,
        "absolute_median_k10": 24.728123369257798,
        "absolute_median_k20": 24.099969471481526,
        "absolute_median_k50": 23.95988986880302,
        "absolute_median_k100": 24.135227900827864,
        "absolute_weighted_median_k1": 31.874233615192832,
        "absolute_weighted_median_k3": 28.25824226656834,
        "absolute_weighted_median_k5": 26.437667999445853,
        "absolute_weighted_median_k10": 25.02385322228749,
        "absolute_weighted_median_k20": 24.13970240919972,
        "absolute_weighted_median_k50": 23.93120665505942,
        "absolute_weighted_median_k100": 24.106844298409097,
        "residual_median_k1": 33.86768802974742,
        "residual_median_k3": 29.669343874839694,
        "residual_median_k5": 27.79469508282811,
        "residual_median_k10": 26.208879094300656,
        "residual_median_k20": 25.652698976356866,
        "residual_median_k50": 25.534106872194887,
        "residual_median_k100": 25.67196634077171,
        "residual_weighted_median_k1": 33.86768802974742,
        "residual_weighted_median_k3": 29.717829726518374,
        "residual_weighted_median_k5": 27.82783215839778,
        "residual_weighted_median_k10": 26.458730391888775,
        "residual_weighted_median_k20": 25.682696082688313,
        "residual_weighted_median_k50": 25.511396578063565,
        "residual_weighted_median_k100": 25.650523090482146
      }
    },
    "184": {
      "mean_stations_per_region": 1.0,
      "residual_oracle_mae_k100": 13.679358176081108,
      "deployable_mae": {
        "absolute_median_k1": 31.969016548285257,
        "absolute_median_k3": 27.8104711715118,
        "absolute_median_k5": 26.058237522591025,
        "absolute_median_k10": 24.531453436444178,
        "absolute_median_k20": 24.00063614214091,
        "absolute_median_k50": 23.958066983698842,
        "absolute_median_k100": 24.1816467338189,
        "absolute_weighted_median_k1": 31.969016548285257,
        "absolute_weighted_median_k3": 27.857016287287703,
        "absolute_weighted_median_k5": 26.090366227168428,
        "absolute_weighted_median_k10": 24.784699396537714,
        "absolute_weighted_median_k20": 24.020837565743882,
        "absolute_weighted_median_k50": 23.921919492025626,
        "absolute_weighted_median_k100": 24.149505420663914,
        "residual_median_k1": 33.59960366512438,
        "residual_median_k3": 29.01954668381013,
        "residual_median_k5": 27.26758073075218,
        "residual_median_k10": 25.874399812006107,
        "residual_median_k20": 25.443172273990065,
        "residual_median_k50": 25.42940287983064,
        "residual_median_k100": 25.608466234308032,
        "residual_weighted_median_k1": 33.59960366512438,
        "residual_weighted_median_k3": 29.073626133924844,
        "residual_weighted_median_k5": 27.300378083959572,
        "residual_weighted_median_k10": 26.08011569000362,
        "residual_weighted_median_k20": 25.453484514381422,
        "residual_weighted_median_k50": 25.39976819130112,
        "residual_weighted_median_k100": 25.583817962400275
      }
    }
  },
  "station_residual_oracle_history_rank": {
    "le_1": 0.01429678638941399,
    "le_3": 0.040483931947069944,
    "le_5": 0.06439508506616257,
    "le_10": 0.12057844990548204,
    "le_20": 0.22684499054820415,
    "le_50": 0.5256124763705105,
    "le_100": 1.0,
    "mean": 48.5690359168242,
    "median": 48.0
  },
  "geographic_vs_random_r32": {
    "geographic": 19.67662947587638,
    "random_by_seed": {
      "101": 22.145115107405847,
      "102": 21.992714732019852,
      "103": 22.03309373089022
    },
    "random_mean": 22.05697452343864
  },
  "matched_choice_count": {
    "k900_unwarped_residual_oracle_mae": 10.79149365078068,
    "k100_x9_window_shift_residual_oracle_mae": 11.907631317623236,
    "note": "The shift changes the donor window; it is not an internal trajectory warp."
  },
  "guardrails": [
    "All donors and continuations come from train only.",
    "Deployable medians use no validation future for selection.",
    "Oracle, rank, and matched-choice controls use validation truth for diagnosis only."
  ]
}
