model=transport_source_recurrent seed=43 device=cuda parameters=72,659 train=5797 val=2875
{"epoch": 1, "train_loss": 0.7762589806860144, "validation_loss": 0.6550977130730947, "validation_mae": 21.38688087463379, "learning_rate": 0.001}
{"epoch": 2, "train_loss": 0.6662010794336145, "validation_loss": 0.6141355211536089, "validation_mae": 20.07442855834961, "learning_rate": 0.001}
{"epoch": 3, "train_loss": 0.6355755383318121, "validation_loss": 0.589826375246048, "validation_mae": 19.325023651123047, "learning_rate": 0.001}
{"epoch": 4, "train_loss": 0.6088784418322823, "validation_loss": 0.5649787758787473, "validation_mae": 18.58731460571289, "learning_rate": 0.001}
{"epoch": 5, "train_loss": 0.5885983407497406, "validation_loss": 0.5469695751865705, "validation_mae": 18.10173988342285, "learning_rate": 0.001}
{"epoch": 6, "train_loss": 0.5729426687413995, "validation_loss": 0.5421144540111223, "validation_mae": 18.00653648376465, "learning_rate": 0.001}
{"epoch": 7, "train_loss": 0.5616989569230513, "validation_loss": 0.5333070009946823, "validation_mae": 17.733348846435547, "learning_rate": 0.001}
{"epoch": 8, "train_loss": 0.552509215745059, "validation_loss": 0.5247537915905317, "validation_mae": 17.42972755432129, "learning_rate": 0.001}
{"epoch": 9, "train_loss": 0.5464975698427721, "validation_loss": 0.5264788965384165, "validation_mae": 17.50893211364746, "learning_rate": 0.001}
{"epoch": 10, "train_loss": 0.5388603969053789, "validation_loss": 0.5220794677734375, "validation_mae": 17.351133346557617, "learning_rate": 0.001}
{"epoch": 11, "train_loss": 0.5334863689812747, "validation_loss": 0.5171719292799631, "validation_mae": 17.18918800354004, "learning_rate": 0.001}
{"epoch": 12, "train_loss": 0.5291991206732664, "validation_loss": 0.5210840031504631, "validation_mae": 17.323562622070312, "learning_rate": 0.001}
{"epoch": 13, "train_loss": 0.5254108038815585, "validation_loss": 0.51095861941576, "validation_mae": 16.967185974121094, "learning_rate": 0.001}
{"epoch": 14, "train_loss": 0.5206719081510197, "validation_loss": 0.5102491701642672, "validation_mae": 16.945960998535156, "learning_rate": 0.001}
{"epoch": 15, "train_loss": 0.5163806852969256, "validation_loss": 0.5062444681922594, "validation_mae": 16.868907928466797, "learning_rate": 0.001}
{"epoch": 16, "train_loss": 0.5149471881714734, "validation_loss": 0.5081362600127856, "validation_mae": 16.891857147216797, "learning_rate": 0.001}
{"epoch": 17, "train_loss": 0.5117440562356602, "validation_loss": 0.5135480041305224, "validation_mae": 17.040142059326172, "learning_rate": 0.001}
{"epoch": 18, "train_loss": 0.5079050145365975, "validation_loss": 0.5048303976655006, "validation_mae": 16.81646156311035, "learning_rate": 0.001}
{"epoch": 19, "train_loss": 0.5053320825099945, "validation_loss": 0.5013719871640205, "validation_mae": 16.67435646057129, "learning_rate": 0.001}
{"epoch": 20, "train_loss": 0.5026978660713542, "validation_loss": 0.5030704289674759, "validation_mae": 16.696155548095703, "learning_rate": 0.001}
{"epoch": 21, "train_loss": 0.5005358538844369, "validation_loss": 0.5025559216737747, "validation_mae": 16.72882652282715, "learning_rate": 0.001}
{"epoch": 22, "train_loss": 0.49821399829604407, "validation_loss": 0.5021775389711062, "validation_mae": 16.675174713134766, "learning_rate": 0.001}
{"epoch": 23, "train_loss": 0.4961714785207402, "validation_loss": 0.5010525484879812, "validation_mae": 16.65259552001953, "learning_rate": 0.001}
{"epoch": 24, "train_loss": 0.49384752728722314, "validation_loss": 0.499037966132164, "validation_mae": 16.611528396606445, "learning_rate": 0.001}
{"epoch": 25, "train_loss": 0.4918104274706407, "validation_loss": 0.49987824509541195, "validation_mae": 16.634122848510742, "learning_rate": 0.001}
{"epoch": 26, "train_loss": 0.49057136340574786, "validation_loss": 0.5025687962770462, "validation_mae": 16.677682876586914, "learning_rate": 0.001}
{"epoch": 27, "train_loss": 0.48825906352563336, "validation_loss": 0.5048520117998123, "validation_mae": 16.74625015258789, "learning_rate": 0.001}
{"epoch": 28, "train_loss": 0.48738983273506165, "validation_loss": 0.4956778784592946, "validation_mae": 16.496671676635742, "learning_rate": 0.001}
{"epoch": 29, "train_loss": 0.485772888768803, "validation_loss": 0.49990910043319065, "validation_mae": 16.629776000976562, "learning_rate": 0.001}
{"epoch": 30, "train_loss": 0.48312660780819977, "validation_loss": 0.49809043606122333, "validation_mae": 16.55854034423828, "learning_rate": 0.001}
{
  "model": "transport_source_recurrent",
  "seeds": [
    43
  ],
  "validation_mae": [
    16.496671676635742
  ],
  "validation_mean_mae": 16.496671676635742,
  "test_accessed": false
}
