model=transport_source_recurrent seed=42 device=cuda parameters=72,659 train=5797 val=2875
{"epoch": 1, "train_loss": 0.7753680890256708, "validation_loss": 0.6627587229013443, "validation_mae": 21.575782775878906, "learning_rate": 0.001}
{"epoch": 2, "train_loss": 0.6795606938275424, "validation_loss": 0.6342029670874277, "validation_mae": 20.76112174987793, "learning_rate": 0.001}
{"epoch": 3, "train_loss": 0.6560769270766865, "validation_loss": 0.6067828784386317, "validation_mae": 19.815322875976562, "learning_rate": 0.001}
{"epoch": 4, "train_loss": 0.6325763978741386, "validation_loss": 0.5874535317222277, "validation_mae": 19.262426376342773, "learning_rate": 0.001}
{"epoch": 5, "train_loss": 0.6149747994813052, "validation_loss": 0.5738278602560362, "validation_mae": 18.802814483642578, "learning_rate": 0.001}
{"epoch": 6, "train_loss": 0.6039138300852342, "validation_loss": 0.5612443685531616, "validation_mae": 18.442617416381836, "learning_rate": 0.001}
{"epoch": 7, "train_loss": 0.5914789194410498, "validation_loss": 0.554973711570104, "validation_mae": 18.30370330810547, "learning_rate": 0.001}
{"epoch": 8, "train_loss": 0.5815189453688535, "validation_loss": 0.5531315878033638, "validation_mae": 18.332183837890625, "learning_rate": 0.001}
{"epoch": 9, "train_loss": 0.5755810087377374, "validation_loss": 0.5454227725664774, "validation_mae": 18.034381866455078, "learning_rate": 0.001}
{"epoch": 10, "train_loss": 0.5700084892186251, "validation_loss": 0.5415732810894648, "validation_mae": 17.968685150146484, "learning_rate": 0.001}
{"epoch": 11, "train_loss": 0.5639238167892803, "validation_loss": 0.5383570641279221, "validation_mae": 17.783763885498047, "learning_rate": 0.001}
{"epoch": 12, "train_loss": 0.5604819790883497, "validation_loss": 0.5336533362666765, "validation_mae": 17.65515899658203, "learning_rate": 0.001}
{"epoch": 13, "train_loss": 0.5541200800375505, "validation_loss": 0.5308823535839716, "validation_mae": 17.573808670043945, "learning_rate": 0.001}
{"epoch": 14, "train_loss": 0.5512041314081713, "validation_loss": 0.5284974003831545, "validation_mae": 17.432920455932617, "learning_rate": 0.001}
{"epoch": 15, "train_loss": 0.5471600754694506, "validation_loss": 0.5227756376067797, "validation_mae": 17.287715911865234, "learning_rate": 0.001}
{"epoch": 16, "train_loss": 0.544308526949449, "validation_loss": 0.5246869921684265, "validation_mae": 17.394752502441406, "learning_rate": 0.001}
{"epoch": 17, "train_loss": 0.5403486652807756, "validation_loss": 0.5190341124931971, "validation_mae": 17.201250076293945, "learning_rate": 0.001}
{"epoch": 18, "train_loss": 0.5366894521496512, "validation_loss": 0.519376332561175, "validation_mae": 17.177467346191406, "learning_rate": 0.001}
{"epoch": 19, "train_loss": 0.5333485142751173, "validation_loss": 0.5158816874027252, "validation_mae": 17.088491439819336, "learning_rate": 0.001}
{"epoch": 20, "train_loss": 0.5301800884983756, "validation_loss": 0.5115449031194051, "validation_mae": 16.899694442749023, "learning_rate": 0.001}
{"epoch": 21, "train_loss": 0.5282378007065166, "validation_loss": 0.5096760193506876, "validation_mae": 16.834747314453125, "learning_rate": 0.001}
{"epoch": 22, "train_loss": 0.5269208496267145, "validation_loss": 0.5140287304917971, "validation_mae": 17.070186614990234, "learning_rate": 0.001}
{"epoch": 23, "train_loss": 0.5235141163522546, "validation_loss": 0.5078924422462782, "validation_mae": 16.820144653320312, "learning_rate": 0.001}
{"epoch": 24, "train_loss": 0.521684624932029, "validation_loss": 0.5079390456279119, "validation_mae": 16.82305908203125, "learning_rate": 0.001}
{"epoch": 25, "train_loss": 0.5189885808662935, "validation_loss": 0.5093218038479487, "validation_mae": 16.915563583374023, "learning_rate": 0.001}
{"epoch": 26, "train_loss": 0.5175005143338983, "validation_loss": 0.5095643376310667, "validation_mae": 16.883712768554688, "learning_rate": 0.001}
{"epoch": 27, "train_loss": 0.5155265507372943, "validation_loss": 0.5088190535704294, "validation_mae": 16.87854766845703, "learning_rate": 0.0005}
{"epoch": 28, "train_loss": 0.5121634250337427, "validation_loss": 0.5090696637829145, "validation_mae": 16.88863182067871, "learning_rate": 0.0005}
{"epoch": 29, "train_loss": 0.5122566575353796, "validation_loss": 0.5067161197463671, "validation_mae": 16.79404640197754, "learning_rate": 0.0005}
{"epoch": 30, "train_loss": 0.5116061947562478, "validation_loss": 0.5108079835772514, "validation_mae": 16.96213150024414, "learning_rate": 0.0005}
model=transport_source_recurrent seed=44 device=cuda parameters=72,659 train=5797 val=2875
{"epoch": 1, "train_loss": 0.7802696038376201, "validation_loss": 0.6682458072900772, "validation_mae": 21.760663986206055, "learning_rate": 0.001}
{"epoch": 2, "train_loss": 0.6775433177297766, "validation_loss": 0.6284456153710684, "validation_mae": 20.524850845336914, "learning_rate": 0.001}
{"epoch": 3, "train_loss": 0.6533554982055317, "validation_loss": 0.604481652379036, "validation_mae": 19.707876205444336, "learning_rate": 0.001}
{"epoch": 4, "train_loss": 0.6330047981305555, "validation_loss": 0.5888944442073504, "validation_mae": 19.27269172668457, "learning_rate": 0.001}
{"epoch": 5, "train_loss": 0.6143627085468986, "validation_loss": 0.5781544943650564, "validation_mae": 19.060523986816406, "learning_rate": 0.001}
{"epoch": 6, "train_loss": 0.5999076474796642, "validation_loss": 0.5646479899684588, "validation_mae": 18.61457633972168, "learning_rate": 0.001}
{"epoch": 7, "train_loss": 0.588651879267259, "validation_loss": 0.5547476063172022, "validation_mae": 18.290889739990234, "learning_rate": 0.001}
{"epoch": 8, "train_loss": 0.5811518051407554, "validation_loss": 0.5475474894046783, "validation_mae": 18.071331024169922, "learning_rate": 0.001}
{"epoch": 9, "train_loss": 0.5743805928663774, "validation_loss": 0.5433443759878477, "validation_mae": 17.947959899902344, "learning_rate": 0.001}
{"epoch": 10, "train_loss": 0.5687490782954476, "validation_loss": 0.5392028391361237, "validation_mae": 17.776273727416992, "learning_rate": 0.001}
{"epoch": 11, "train_loss": 0.5628144578500227, "validation_loss": 0.5381505042314529, "validation_mae": 17.79690933227539, "learning_rate": 0.001}
{"epoch": 12, "train_loss": 0.5599784011190588, "validation_loss": 0.5328831424315771, "validation_mae": 17.6329402923584, "learning_rate": 0.001}
{"epoch": 13, "train_loss": 0.5551233427091078, "validation_loss": 0.5280777737498283, "validation_mae": 17.397785186767578, "learning_rate": 0.001}
{"epoch": 14, "train_loss": 0.5509074221957814, "validation_loss": 0.5277559459209442, "validation_mae": 17.46295738220215, "learning_rate": 0.001}
{"epoch": 15, "train_loss": 0.5463712919842113, "validation_loss": 0.5226235613226891, "validation_mae": 17.231773376464844, "learning_rate": 0.001}
{"epoch": 16, "train_loss": 0.5447545430876992, "validation_loss": 0.523016499976317, "validation_mae": 17.327213287353516, "learning_rate": 0.001}
{"epoch": 17, "train_loss": 0.5404783622785048, "validation_loss": 0.52012500166893, "validation_mae": 17.228181838989258, "learning_rate": 0.001}
{"epoch": 18, "train_loss": 0.5373195626518943, "validation_loss": 0.5165422310431799, "validation_mae": 17.10469627380371, "learning_rate": 0.001}
{"epoch": 19, "train_loss": 0.5320242020216855, "validation_loss": 0.5163950075705847, "validation_mae": 17.15333366394043, "learning_rate": 0.001}
{"epoch": 20, "train_loss": 0.5295483876358379, "validation_loss": 0.5161756426095963, "validation_mae": 17.139251708984375, "learning_rate": 0.001}
{"epoch": 21, "train_loss": 0.5275747627019882, "validation_loss": 0.5131416892011961, "validation_mae": 17.02369499206543, "learning_rate": 0.001}
{"epoch": 22, "train_loss": 0.5241552293300629, "validation_loss": 0.5108029618859291, "validation_mae": 16.939298629760742, "learning_rate": 0.001}
{"epoch": 23, "train_loss": 0.522501980716532, "validation_loss": 0.5094110618034998, "validation_mae": 16.916183471679688, "learning_rate": 0.001}
{"epoch": 24, "train_loss": 0.5196137739853426, "validation_loss": 0.5128759369254112, "validation_mae": 17.031307220458984, "learning_rate": 0.001}
{"epoch": 25, "train_loss": 0.5194029455835169, "validation_loss": 0.5062200551231703, "validation_mae": 16.76160430908203, "learning_rate": 0.001}
{"epoch": 26, "train_loss": 0.5155739906159315, "validation_loss": 0.5062587931752205, "validation_mae": 16.755868911743164, "learning_rate": 0.001}
{"epoch": 27, "train_loss": 0.5143991099162535, "validation_loss": 0.509406345585982, "validation_mae": 16.905780792236328, "learning_rate": 0.001}
{"epoch": 28, "train_loss": 0.5127272578802976, "validation_loss": 0.5106145565708479, "validation_mae": 16.95478057861328, "learning_rate": 0.001}
{"epoch": 29, "train_loss": 0.5098652609369971, "validation_loss": 0.5101233447591463, "validation_mae": 16.89577293395996, "learning_rate": 0.001}
{"epoch": 30, "train_loss": 0.5097160379994999, "validation_loss": 0.5098976815740267, "validation_mae": 16.912355422973633, "learning_rate": 0.0005}
{
  "model": "transport_source_recurrent",
  "seeds": [
    42,
    44
  ],
  "validation_mae": [
    16.79404640197754,
    16.755868911743164
  ],
  "validation_mean_mae": 16.77495765686035,
  "test_accessed": false
}
