warm_start=artifacts\transport_source_recurrent\seed_43\best_model.pt missing=['station_threshold', 'event_source_head.0.weight', 'event_source_head.0.bias', 'event_source_head.2.weight', 'event_source_head.2.bias', 'event_gate.0.weight', 'event_gate.0.bias', 'event_gate.2.weight', 'event_gate.2.bias']
model=transport_source_recurrent seed=43 device=cuda parameters=78,357 train=5797 val=2875
{"epoch": 1, "train_loss": 0.4863474545153705, "validation_loss": 0.49728257954120636, "validation_mae": 16.54804229736328, "learning_rate": 0.0003}
{"epoch": 2, "train_loss": 0.48371401158246125, "validation_loss": 0.49754676471153897, "validation_mae": 16.53824806213379, "learning_rate": 0.0003}
{"epoch": 3, "train_loss": 0.4830621927976608, "validation_loss": 0.49860139687856037, "validation_mae": 16.582660675048828, "learning_rate": 0.0003}
{"epoch": 4, "train_loss": 0.4824970730326392, "validation_loss": 0.4990845670302709, "validation_mae": 16.595712661743164, "learning_rate": 0.0003}
{"epoch": 5, "train_loss": 0.48304037885232404, "validation_loss": 0.49704785645008087, "validation_mae": 16.521541595458984, "learning_rate": 0.0003}
{"epoch": 6, "train_loss": 0.48226810178973456, "validation_loss": 0.5004448865850767, "validation_mae": 16.639404296875, "learning_rate": 0.0003}
{"epoch": 7, "train_loss": 0.48190898380496283, "validation_loss": 0.49833828459183377, "validation_mae": 16.569726943969727, "learning_rate": 0.0003}
{"epoch": 8, "train_loss": 0.4811037995598533, "validation_loss": 0.49790677676598233, "validation_mae": 16.55721092224121, "learning_rate": 0.00015}
{"epoch": 9, "train_loss": 0.4811081357977607, "validation_loss": 0.49796055754025775, "validation_mae": 16.55661964416504, "learning_rate": 0.00015}
{
  "model": "transport_source_recurrent",
  "seeds": [
    43
  ],
  "validation_mae": [
    16.521541595458984
  ],
  "validation_mean_mae": 16.521541595458984,
  "test_accessed": false
}
