{"variant": "transport_source", "seed": 42, "epoch": 1, "train_loss": 0.567639025774869, "validation_mae": 18.663135528564453}
{"variant": "transport_source", "seed": 42, "epoch": 2, "train_loss": 0.5668912042271007, "validation_mae": 18.64903450012207}
{"variant": "transport_source", "seed": 42, "epoch": 3, "train_loss": 0.5664549524133856, "validation_mae": 18.674970626831055}
{"variant": "transport_source", "seed": 42, "epoch": 4, "train_loss": 0.5668490366502241, "validation_mae": 18.63315200805664}
{"variant": "transport_source", "seed": 42, "epoch": 5, "train_loss": 0.5650371584025297, "validation_mae": 18.668231964111328}
{"variant": "transport_source", "seed": 42, "epoch": 6, "train_loss": 0.5665974752469496, "validation_mae": 18.6946964263916}
{"variant": "transport_source", "seed": 42, "epoch": 7, "train_loss": 0.5650447552854364, "validation_mae": 18.649658203125}
{"variant": "transport_source", "seed": 42, "epoch": 8, "train_loss": 0.5636725750836459, "validation_mae": 18.634735107421875}
{"variant": "transport_source", "seed": 44, "epoch": 1, "train_loss": 0.567112147808075, "validation_mae": 18.556774139404297}
{"variant": "transport_source", "seed": 44, "epoch": 2, "train_loss": 0.5649900002913042, "validation_mae": 18.551586151123047}
{"variant": "transport_source", "seed": 44, "epoch": 3, "train_loss": 0.5640292628244921, "validation_mae": 18.555591583251953}
{"variant": "transport_source", "seed": 44, "epoch": 4, "train_loss": 0.5649560771205209, "validation_mae": 18.525039672851562}
{"variant": "transport_source", "seed": 44, "epoch": 5, "train_loss": 0.5636128349737688, "validation_mae": 18.539823532104492}
{"variant": "transport_source", "seed": 44, "epoch": 6, "train_loss": 0.5636360130526803, "validation_mae": 18.522153854370117}
{"variant": "transport_source", "seed": 44, "epoch": 7, "train_loss": 0.5637884167107668, "validation_mae": 18.510034561157227}
{"variant": "transport_source", "seed": 44, "epoch": 8, "train_loss": 0.5638355043801394, "validation_mae": 18.48647689819336}
{"variant": "transport_source", "seed": 44, "epoch": 9, "train_loss": 0.5641688189723275, "validation_mae": 18.495920181274414}
{"variant": "transport_source", "seed": 44, "epoch": 10, "train_loss": 0.5631669163703918, "validation_mae": 18.490718841552734}
{"variant": "transport_source", "seed": 44, "epoch": 11, "train_loss": 0.5627919381315057, "validation_mae": 18.511646270751953}
{"variant": "transport_source", "seed": 44, "epoch": 12, "train_loss": 0.5642550831491296, "validation_mae": 18.480798721313477}
{"variant": "transport_source", "seed": 44, "epoch": 13, "train_loss": 0.5626384290781888, "validation_mae": 18.48662757873535}
{"variant": "transport_source", "seed": 44, "epoch": 14, "train_loss": 0.562386775558645, "validation_mae": 18.500669479370117}
{"variant": "transport_source", "seed": 44, "epoch": 15, "train_loss": 0.561994883147153, "validation_mae": 18.50501251220703}
{"variant": "transport_source", "seed": 44, "epoch": 16, "train_loss": 0.5628497654741461, "validation_mae": 18.471956253051758}
{"variant": "transport_source", "seed": 44, "epoch": 17, "train_loss": 0.5637112070213665, "validation_mae": 18.502851486206055}
{"variant": "transport_source", "seed": 44, "epoch": 18, "train_loss": 0.5633358386429873, "validation_mae": 18.46849250793457}
{"variant": "transport_source", "seed": 44, "epoch": 19, "train_loss": 0.561927315863696, "validation_mae": 18.473857879638672}
{"variant": "transport_source", "seed": 44, "epoch": 20, "train_loss": 0.5627521601590243, "validation_mae": 18.464317321777344}
[
  {
    "variant": "transport_source",
    "seed": 42,
    "mae": 18.63315200805664,
    "delta_mae": -0.0810394287109375
  },
  {
    "variant": "transport_source",
    "seed": 44,
    "mae": 18.464317321777344,
    "delta_mae": -0.22027015686035156
  }
]
